((((x Any  )) (((x Any  )) Any)) ((((x Any  )) Any) x))