Block(heads = Vector(), tail = Some(value = IntegerLiteral(value = 0, meta = None)), meta = None)