Block(
  heads = Vector(),
  tail = Some(
    value = IntegerLiteral(
      value = 0,
      meta = Some(
        value = ExprMeta(
          sourcePos = Some(value = SourcePos("parserTests/a.chester",RangeInFile(Pos(0,0,0),Pos(0,0,0)))),
          commentInfo = None
        )
      )
    )
  ),
  meta = Some(
    value = ExprMeta(
      sourcePos = Some(value = SourcePos("parserTests/a.chester",RangeInFile(Pos(0,0,0),Pos(0,0,0)))),
      commentInfo = None
    )
  )
)